 etk_S=TEB test;
 units_S=hour;
 datyp=134;
 closeopen=hours,24;
 nbits=16;
 ip3=0;
 ndigits=6;
 linbot=0;
 vinterp_S=cubic;
 debug_L=f;
 flip_L=f;
 rewrite_L=f;

 levels=1,model,diag;
 levels=2,model,all;

 grid=1,model;

 steps=1,hour, 0.; 
 steps=2,hour,<3.,12.,3.>;
 steps=3,hour,<1.,12.,1.>;
 
 sortie_p(['WSN','WSV','WVEG','SNM','SVM','SD','DN'],                           grid, 1, levels, 2, steps, 3)
 sortie_p(['SNDN','SNAL','SNDP','SVDN','SVAL','SVDP'],                          grid, 1, levels, 2, steps, 3)
 sortie_p(['VEGH','VEGL','LAIA','LAIH','LC'],                                   grid, 1, levels, 2, steps, 3)
 sortie_p(['RS','R1','EG','ETR','LETR'],                                        grid, 1, levels, 2, steps, 3) 
 sortie_p([RSVG,RSGR,RCC,VGCT,AGWS],                                            grid, 1, levels, 2, steps, 3)
 sortie_p([PSGL,PSVH,PSVA,SVF],                                                 grid, 1, levels, 2, steps, 3)
 sortie_p([ATSN,ATSV,EFLX,ER,ACRT,LATF,WFL],                                    grid, 1, levels, 2, steps, 3)
 sortie_p([HFLQ,L2,LR,LT,LV],                                                   grid, 1, levels, 2, steps, 3)
 sortie_p(['PR','TRAF','ALAT','AHFL','O1'],                                     grid, 1, levels, 2, steps, 3)
 sortie_p(['TGR','TVG','TSN','TSNV','WSOL','TSA','SVSW'],                       grid, 1, levels, 2, steps, 3)
 sortie_p(['WT','6F'],                                                          grid, 1, levels, 2, steps, 3)
 sortie_p(['TJ','TDK','TG','UD','VD'],                                          grid, 1, levels, 2, steps, 3)
 sortie_p([TSTW,EMTW,ALSC,AL],                                                  grid, 1, levels, 2, steps, 3) 
 sortie_p([DQ,FI,FB,J9,H8,HV,T8,U1,U3,FC,FV,IO],                                grid, 1, levels, 2, steps, 3)
 sortie_p(['SWRF','STRF','SDRF','SWRD','STRD','SDRD','WSRF',
        'WSRD','QHRD','QERD','QHRF','QHWL','TLRF','TLRD',
        'TLWL','QGRD','QGRF','QGWL','QGTW','TCAN','QCAN',
        'TBLD','SARF','SERF','SSRF','TIRD','SARD','SERD',
        'SSRD'],                                                                grid, 1, levels, 2, steps, 3)



 sortie_p([Z0,VG,J1,J2],                                                        grid, 1, levels, 2, steps, 2)
 sortie_p(['MG','GL','2F','TM'],                                                grid, 1, levels, 2, steps, 2)
 sortie_p(['I7','I8','I9','ISOL'],                                              grid, 1, levels, 2, steps, 2)

xnbit([WT,TRAF,ALAT,O1,PR,AHFL],bits,32)

