etk_S=CSLM;
units_S=hour;
datyp=134;
closeopen=hours,1;
nbits=16;
ip3=0;
ndigits=6;
linbot=0;
vinterp_S=cubic;
debug_L=f;
flip_L=f;
rewrite_L=f;

levels=1,model,diag;
levels=2,model,all;

grid=1,model;
grid=2,core;

steps=1,hour, 0.; 
steps=2,step,all;
steps=3,hour,<0.,24.,1.>;

steps=5,hour,24.; 
steps=6,step, 1.; 

sortie_d(['MFBR','MF'],                                                          grid, 1, levels, 2, steps, 1)
sortie_p([MG,LA,LO],                                                             grid, 1, levels, 2, steps, 1)
sortie_p([TM,TG,TSA,FI,FB,PR,J9,H8,HV,T8,U1,U3,PR0], grid, 1, levels, 1, steps, 3)
sortie_p([TRAF,ALAT,O1,PR,AHFL,ACWF,EVLA,TJ,TDK,UD,VD], grid, 1, levels, 2, steps, 3)
sortie_p([RLAF,WT,FICL],                                                         grid, 1, levels, 2, steps, 3)
sortie_p([I7,I8,I9,ISOL,SNAL,SVAL,SNDP,SVDP,DN,SNDN,SVDN,SD,TGR,TVG,TSN,TSNV,WVEG,WSOL,WSN,WSV], grid, 1, levels, 2, steps, 3)
sortie_p([LST,TKEL,LICE,SICE,DELU,TSDL,SNOL,RSNL,TSNL,ASNL,WSNL,HSIL,TLAK,ROFL],                 grid, 1, levels, 2, steps, 3)
sortie_p([VEGH,VEGL,LSTF,LFXI,LFXO,LAKD],                                             grid, 1, levels, 2, steps, 5)
sortie_p([LSTD],                                                                 grid, 1, levels, 2, steps, 6)
